src/components/ui/Button.tsx(9,14): error TS2322: Type '({ children, variant, size, isLoading, className, disabled, ...props }: ButtonProps) => Element' is not assignable to type 'FC<ButtonProps>'.
  Type 'Element' is not assignable to type 'ReactNode'.
src/components/ui/Button.tsx(34,5): error TS2339: Property 'button' does not exist on type 'JSX.IntrinsicElements'.
src/components/ui/Button.tsx(40,9): error TS2339: Property 'span' does not exist on type 'JSX.IntrinsicElements'.
src/components/ui/Button.tsx(41,11): error TS2339: Property 'svg' does not exist on type 'JSX.IntrinsicElements'.
src/components/ui/Button.tsx(42,13): error TS2339: Property 'circle' does not exist on type 'JSX.IntrinsicElements'.
src/components/ui/Button.tsx(43,13): error TS2339: Property 'path' does not exist on type 'JSX.IntrinsicElements'.
src/components/ui/Button.tsx(44,11): error TS2339: Property 'svg' does not exist on type 'JSX.IntrinsicElements'.
src/components/ui/Button.tsx(45,9): error TS2339: Property 'span' does not exist on type 'JSX.IntrinsicElements'.
src/components/ui/Button.tsx(48,5): error TS2339: Property 'button' does not exist on type 'JSX.IntrinsicElements'.
src/components/ui/LoadingSpinner.tsx(4,3): error TS2339: Property 'div' does not exist on type 'JSX.IntrinsicElements'.
src/components/ui/LoadingSpinner.tsx(5,5): error TS2339: Property 'div' does not exist on type 'JSX.IntrinsicElements'.
src/components/ui/LoadingSpinner.tsx(5,85): error TS2339: Property 'div' does not exist on type 'JSX.IntrinsicElements'.
src/components/ui/LoadingSpinner.tsx(6,3): error TS2339: Property 'div' does not exist on type 'JSX.IntrinsicElements'.
src/components/ui/Modal.tsx(2,41): error TS2792: Cannot find module 'framer-motion'. Did you mean to set the 'moduleResolution' option to 'nodenext', or to add aliases to the 'paths' option?
src/components/ui/Modal.tsx(11,14): error TS2322: Type '({ isOpen, onClose, title, children }: ModalProps) => Element' is not assignable to type 'FC<ModalProps>'.
  Type 'Element' is not assignable to type 'ReactNode'.
src/components/ui/Modal.tsx(29,9): error TS2339: Property 'div' does not exist on type 'JSX.IntrinsicElements'.
src/components/ui/Modal.tsx(48,15): error TS2339: Property 'div' does not exist on type 'JSX.IntrinsicElements'.
src/components/ui/Modal.tsx(49,17): error TS2339: Property 'h3' does not exist on type 'JSX.IntrinsicElements'.
src/components/ui/Modal.tsx(49,72): error TS2339: Property 'h3' does not exist on type 'JSX.IntrinsicElements'.
src/components/ui/Modal.tsx(50,17): error TS2339: Property 'button' does not exist on type 'JSX.IntrinsicElements'.
src/components/ui/Modal.tsx(52,17): error TS2339: Property 'button' does not exist on type 'JSX.IntrinsicElements'.
src/components/ui/Modal.tsx(53,15): error TS2339: Property 'div' does not exist on type 'JSX.IntrinsicElements'.
src/components/ui/Modal.tsx(55,13): error TS2339: Property 'div' does not exist on type 'JSX.IntrinsicElements'.
src/components/ui/Modal.tsx(57,13): error TS2339: Property 'div' does not exist on type 'JSX.IntrinsicElements'.
src/components/ui/Modal.tsx(59,9): error TS2339: Property 'div' does not exist on type 'JSX.IntrinsicElements'.
src/components/ui/PageTransition.tsx(1,24): error TS2792: Cannot find module 'framer-motion'. Did you mean to set the 'moduleResolution' option to 'nodenext', or to add aliases to the 'paths' option?
src/features/problem-solving/InteractiveProblem.tsx(3,40): error TS2792: Cannot find module 'react-router-dom'. Did you mean to set the 'moduleResolution' option to 'nodenext', or to add aliases to the 'paths' option?
src/features/problem-solving/InteractiveProblem.tsx(4,24): error TS2792: Cannot find module 'framer-motion'. Did you mean to set the 'moduleResolution' option to 'nodenext', or to add aliases to the 'paths' option?
src/features/problem-solving/InteractiveProblem.tsx(96,33): error TS2339: Property 'div' does not exist on type 'JSX.IntrinsicElements'.
src/features/problem-solving/InteractiveProblem.tsx(96,97): error TS2339: Property 'div' does not exist on type 'JSX.IntrinsicElements'.
src/features/problem-solving/InteractiveProblem.tsx(106,7): error TS2339: Property 'div' does not exist on type 'JSX.IntrinsicElements'.
src/features/problem-solving/InteractiveProblem.tsx(107,9): error TS2339: Property 'div' does not exist on type 'JSX.IntrinsicElements'.
src/features/problem-solving/InteractiveProblem.tsx(108,11): error TS2339: Property 'span' does not exist on type 'JSX.IntrinsicElements'.
src/features/problem-solving/InteractiveProblem.tsx(110,11): error TS2339: Property 'span' does not exist on type 'JSX.IntrinsicElements'.
src/features/problem-solving/InteractiveProblem.tsx(111,11): error TS2339: Property 'span' does not exist on type 'JSX.IntrinsicElements'.
src/features/problem-solving/InteractiveProblem.tsx(113,11): error TS2339: Property 'span' does not exist on type 'JSX.IntrinsicElements'.
src/features/problem-solving/InteractiveProblem.tsx(114,9): error TS2339: Property 'div' does not exist on type 'JSX.IntrinsicElements'.
src/features/problem-solving/InteractiveProblem.tsx(115,9): error TS2339: Property 'h1' does not exist on type 'JSX.IntrinsicElements'.
src/features/problem-solving/InteractiveProblem.tsx(115,79): error TS2339: Property 'h1' does not exist on type 'JSX.IntrinsicElements'.
src/features/problem-solving/InteractiveProblem.tsx(116,9): error TS2339: Property 'div' does not exist on type 'JSX.IntrinsicElements'.
src/features/problem-solving/InteractiveProblem.tsx(117,11): error TS2339: Property 'p' does not exist on type 'JSX.IntrinsicElements'.
src/features/problem-solving/InteractiveProblem.tsx(117,35): error TS2339: Property 'p' does not exist on type 'JSX.IntrinsicElements'.
src/features/problem-solving/InteractiveProblem.tsx(118,9): error TS2339: Property 'div' does not exist on type 'JSX.IntrinsicElements'.
src/features/problem-solving/InteractiveProblem.tsx(119,7): error TS2339: Property 'div' does not exist on type 'JSX.IntrinsicElements'.
src/features/problem-solving/InteractiveProblem.tsx(133,7): error TS2339: Property 'div' does not exist on type 'JSX.IntrinsicElements'.
src/features/problem-solving/InteractiveProblem.tsx(137,11): error TS2339: Property 'div' does not exist on type 'JSX.IntrinsicElements'.
src/features/problem-solving/InteractiveProblem.tsx(153,17): error TS2339: Property 'span' does not exist on type 'JSX.IntrinsicElements'.
src/features/problem-solving/InteractiveProblem.tsx(153,63): error TS2339: Property 'span' does not exist on type 'JSX.IntrinsicElements'.
src/features/problem-solving/InteractiveProblem.tsx(162,11): error TS2339: Property 'div' does not exist on type 'JSX.IntrinsicElements'.
src/features/problem-solving/InteractiveProblem.tsx(167,11): error TS2339: Property 'div' does not exist on type 'JSX.IntrinsicElements'.
src/features/problem-solving/InteractiveProblem.tsx(168,13): error TS2339: Property 'label' does not exist on type 'JSX.IntrinsicElements'.
src/features/problem-solving/InteractiveProblem.tsx(170,13): error TS2339: Property 'label' does not exist on type 'JSX.IntrinsicElements'.
src/features/problem-solving/InteractiveProblem.tsx(171,13): error TS2339: Property 'div' does not exist on type 'JSX.IntrinsicElements'.
src/features/problem-solving/InteractiveProblem.tsx(172,15): error TS2339: Property 'input' does not exist on type 'JSX.IntrinsicElements'.
src/features/problem-solving/InteractiveProblem.tsx(190,23): error TS2339: Property 'span' does not exist on type 'JSX.IntrinsicElements'.
src/features/problem-solving/InteractiveProblem.tsx(190,30): error TS2339: Property 'span' does not exist on type 'JSX.IntrinsicElements'.
src/features/problem-solving/InteractiveProblem.tsx(192,23): error TS2339: Property 'span' does not exist on type 'JSX.IntrinsicElements'.
src/features/problem-solving/InteractiveProblem.tsx(192,30): error TS2339: Property 'span' does not exist on type 'JSX.IntrinsicElements'.
src/features/problem-solving/InteractiveProblem.tsx(196,13): error TS2339: Property 'div' does not exist on type 'JSX.IntrinsicElements'.
src/features/problem-solving/InteractiveProblem.tsx(197,11): error TS2339: Property 'div' does not exist on type 'JSX.IntrinsicElements'.
src/features/problem-solving/InteractiveProblem.tsx(202,11): error TS2339: Property 'div' does not exist on type 'JSX.IntrinsicElements'.
src/features/problem-solving/InteractiveProblem.tsx(204,11): error TS2339: Property 'div' does not exist on type 'JSX.IntrinsicElements'.
src/features/problem-solving/InteractiveProblem.tsx(206,7): error TS2339: Property 'div' does not exist on type 'JSX.IntrinsicElements'.
src/features/problem-solving/InteractiveProblem.tsx(209,7): error TS2339: Property 'div' does not exist on type 'JSX.IntrinsicElements'.
src/features/problem-solving/InteractiveProblem.tsx(221,7): error TS2339: Property 'div' does not exist on type 'JSX.IntrinsicElements'.
src/features/problem-solving/InteractiveProblem.tsx(225,9): error TS2339: Property 'div' does not exist on type 'JSX.IntrinsicElements'.
src/features/problem-solving/InteractiveProblem.tsx(234,11): error TS2339: Property 'h2' does not exist on type 'JSX.IntrinsicElements'.
src/features/problem-solving/InteractiveProblem.tsx(234,81): error TS2339: Property 'h2' does not exist on type 'JSX.IntrinsicElements'.
src/features/problem-solving/InteractiveProblem.tsx(235,11): error TS2339: Property 'p' does not exist on type 'JSX.IntrinsicElements'.
src/features/problem-solving/InteractiveProblem.tsx(235,56): error TS2339: Property 'span' does not exist on type 'JSX.IntrinsicElements'.
src/features/problem-solving/InteractiveProblem.tsx(235,122): error TS2339: Property 'span' does not exist on type 'JSX.IntrinsicElements'.
src/features/problem-solving/InteractiveProblem.tsx(235,129): error TS2339: Property 'p' does not exist on type 'JSX.IntrinsicElements'.
src/features/problem-solving/InteractiveProblem.tsx(236,11): error TS2339: Property 'div' does not exist on type 'JSX.IntrinsicElements'.
src/features/problem-solving/InteractiveProblem.tsx(243,11): error TS2339: Property 'div' does not exist on type 'JSX.IntrinsicElements'.
src/features/problem-solving/InteractiveProblem.tsx(244,9): error TS2339: Property 'div' does not exist on type 'JSX.IntrinsicElements'.
src/features/visualization/AlgebraBalance.tsx(2,41): error TS2792: Cannot find module 'framer-motion'. Did you mean to set the 'moduleResolution' option to 'nodenext', or to add aliases to the 'paths' option?
src/features/visualization/AlgebraBalance.tsx(11,14): error TS2322: Type '({ target, constant, multiplier, variableName }: AlgebraBalanceProps) => Element' is not assignable to type 'FC<AlgebraBalanceProps>'.
  Type 'Element' is not assignable to type 'ReactNode'.
src/features/visualization/AlgebraBalance.tsx(24,9): error TS2339: Property 'div' does not exist on type 'JSX.IntrinsicElements'.
src/features/visualization/AlgebraBalance.tsx(25,13): error TS2339: Property 'div' does not exist on type 'JSX.IntrinsicElements'.
src/features/visualization/AlgebraBalance.tsx(26,17): error TS2339: Property 'h4' does not exist on type 'JSX.IntrinsicElements'.
src/features/visualization/AlgebraBalance.tsx(26,112): error TS2339: Property 'h4' does not exist on type 'JSX.IntrinsicElements'.
src/features/visualization/AlgebraBalance.tsx(27,17): error TS2339: Property 'p' does not exist on type 'JSX.IntrinsicElements'.
src/features/visualization/AlgebraBalance.tsx(27,76): error TS2339: Property 'span' does not exist on type 'JSX.IntrinsicElements'.
src/features/visualization/AlgebraBalance.tsx(27,132): error TS2339: Property 'span' does not exist on type 'JSX.IntrinsicElements'.
src/features/visualization/AlgebraBalance.tsx(27,164): error TS2339: Property 'p' does not exist on type 'JSX.IntrinsicElements'.
src/features/visualization/AlgebraBalance.tsx(28,13): error TS2339: Property 'div' does not exist on type 'JSX.IntrinsicElements'.
src/features/visualization/AlgebraBalance.tsx(30,13): error TS2339: Property 'div' does not exist on type 'JSX.IntrinsicElements'.
src/features/visualization/AlgebraBalance.tsx(38,21): error TS2339: Property 'div' does not exist on type 'JSX.IntrinsicElements'.
src/features/visualization/AlgebraBalance.tsx(39,25): error TS2339: Property 'div' does not exist on type 'JSX.IntrinsicElements'.
src/features/visualization/AlgebraBalance.tsx(40,25): error TS2339: Property 'div' does not exist on type 'JSX.IntrinsicElements'.
src/features/visualization/AlgebraBalance.tsx(41,29): error TS2339: Property 'div' does not exist on type 'JSX.IntrinsicElements'.
src/features/visualization/AlgebraBalance.tsx(54,37): error TS2339: Property 'div' does not exist on type 'JSX.IntrinsicElements'.
src/features/visualization/AlgebraBalance.tsx(56,37): error TS2339: Property 'div' does not exist on type 'JSX.IntrinsicElements'.
src/features/visualization/AlgebraBalance.tsx(58,29): error TS2339: Property 'div' does not exist on type 'JSX.IntrinsicElements'.
src/features/visualization/AlgebraBalance.tsx(59,25): error TS2339: Property 'div' does not exist on type 'JSX.IntrinsicElements'.
src/features/visualization/AlgebraBalance.tsx(60,21): error TS2339: Property 'div' does not exist on type 'JSX.IntrinsicElements'.
src/features/visualization/AlgebraBalance.tsx(63,21): error TS2339: Property 'div' does not exist on type 'JSX.IntrinsicElements'.
src/features/visualization/AlgebraBalance.tsx(64,25): error TS2339: Property 'div' does not exist on type 'JSX.IntrinsicElements'.
src/features/visualization/AlgebraBalance.tsx(65,25): error TS2339: Property 'div' does not exist on type 'JSX.IntrinsicElements'.
src/features/visualization/AlgebraBalance.tsx(66,29): error TS2339: Property 'div' does not exist on type 'JSX.IntrinsicElements'.
src/features/visualization/AlgebraBalance.tsx(68,29): error TS2339: Property 'div' does not exist on type 'JSX.IntrinsicElements'.
src/features/visualization/AlgebraBalance.tsx(69,25): error TS2339: Property 'div' does not exist on type 'JSX.IntrinsicElements'.
src/features/visualization/AlgebraBalance.tsx(70,21): error TS2339: Property 'div' does not exist on type 'JSX.IntrinsicElements'.
src/features/visualization/AlgebraBalance.tsx(74,17): error TS2339: Property 'div' does not exist on type 'JSX.IntrinsicElements'.
src/features/visualization/AlgebraBalance.tsx(75,17): error TS2339: Property 'div' does not exist on type 'JSX.IntrinsicElements'.
src/features/visualization/AlgebraBalance.tsx(76,13): error TS2339: Property 'div' does not exist on type 'JSX.IntrinsicElements'.
src/features/visualization/AlgebraBalance.tsx(78,13): error TS2339: Property 'div' does not exist on type 'JSX.IntrinsicElements'.
src/features/visualization/AlgebraBalance.tsx(79,17): error TS2339: Property 'div' does not exist on type 'JSX.IntrinsicElements'.
src/features/visualization/AlgebraBalance.tsx(80,21): error TS2339: Property 'div' does not exist on type 'JSX.IntrinsicElements'.
src/features/visualization/AlgebraBalance.tsx(81,25): error TS2339: Property 'span' does not exist on type 'JSX.IntrinsicElements'.
src/features/visualization/AlgebraBalance.tsx(81,150): error TS2339: Property 'span' does not exist on type 'JSX.IntrinsicElements'.
src/features/visualization/AlgebraBalance.tsx(82,25): error TS2339: Property 'div' does not exist on type 'JSX.IntrinsicElements'.
src/features/visualization/AlgebraBalance.tsx(83,29): error TS2339: Property 'button' does not exist on type 'JSX.IntrinsicElements'.
src/features/visualization/AlgebraBalance.tsx(86,31): error TS2339: Property 'button' does not exist on type 'JSX.IntrinsicElements'.
src/features/visualization/AlgebraBalance.tsx(87,29): error TS2339: Property 'span' does not exist on type 'JSX.IntrinsicElements'.
src/features/visualization/AlgebraBalance.tsx(87,80): error TS2339: Property 'span' does not exist on type 'JSX.IntrinsicElements'.
src/features/visualization/AlgebraBalance.tsx(88,29): error TS2339: Property 'button' does not exist on type 'JSX.IntrinsicElements'.
src/features/visualization/AlgebraBalance.tsx(91,31): error TS2339: Property 'button' does not exist on type 'JSX.IntrinsicElements'.
src/features/visualization/AlgebraBalance.tsx(92,25): error TS2339: Property 'div' does not exist on type 'JSX.IntrinsicElements'.
src/features/visualization/AlgebraBalance.tsx(93,21): error TS2339: Property 'div' does not exist on type 'JSX.IntrinsicElements'.
src/features/visualization/AlgebraBalance.tsx(94,17): error TS2339: Property 'div' does not exist on type 'JSX.IntrinsicElements'.
src/features/visualization/AlgebraBalance.tsx(96,17): error TS2339: Property 'div' does not exist on type 'JSX.IntrinsicElements'.
src/features/visualization/AlgebraBalance.tsx(97,21): error TS2339: Property 'span' does not exist on type 'JSX.IntrinsicElements'.
src/features/visualization/AlgebraBalance.tsx(97,75): error TS2339: Property 'span' does not exist on type 'JSX.IntrinsicElements'.
src/features/visualization/AlgebraBalance.tsx(100,29): error TS2339: Property 'span' does not exist on type 'JSX.IntrinsicElements'.
src/features/visualization/AlgebraBalance.tsx(100,36): error TS2339: Property 'span' does not exist on type 'JSX.IntrinsicElements'.
src/features/visualization/AlgebraBalance.tsx(101,29): error TS2339: Property 'span' does not exist on type 'JSX.IntrinsicElements'.
src/features/visualization/AlgebraBalance.tsx(101,73): error TS2339: Property 'span' does not exist on type 'JSX.IntrinsicElements'.
src/features/visualization/AlgebraBalance.tsx(104,21): error TS2339: Property 'span' does not exist on type 'JSX.IntrinsicElements'.
src/features/visualization/AlgebraBalance.tsx(104,88): error TS2339: Property 'span' does not exist on type 'JSX.IntrinsicElements'.
src/features/visualization/AlgebraBalance.tsx(105,21): error TS2339: Property 'span' does not exist on type 'JSX.IntrinsicElements'.
src/features/visualization/AlgebraBalance.tsx(105,61): error TS2339: Property 'span' does not exist on type 'JSX.IntrinsicElements'.
src/features/visualization/AlgebraBalance.tsx(106,17): error TS2339: Property 'div' does not exist on type 'JSX.IntrinsicElements'.
src/features/visualization/AlgebraBalance.tsx(119,13): error TS2339: Property 'div' does not exist on type 'JSX.IntrinsicElements'.
src/features/visualization/AlgebraBalance.tsx(120,9): error TS2339: Property 'div' does not exist on type 'JSX.IntrinsicElements'.
src/features/visualization/BinaryExplorer.tsx(2,41): error TS2792: Cannot find module 'framer-motion'. Did you mean to set the 'moduleResolution' option to 'nodenext', or to add aliases to the 'paths' option?
src/features/visualization/BinaryExplorer.tsx(8,14): error TS2322: Type '({ initialBits }: BinaryExplorerProps) => Element' is not assignable to type 'FC<BinaryExplorerProps>'.
  Type 'Element' is not assignable to type 'ReactNode'.
src/features/visualization/BinaryExplorer.tsx(24,9): error TS2339: Property 'div' does not exist on type 'JSX.IntrinsicElements'.
src/features/visualization/BinaryExplorer.tsx(25,13): error TS2339: Property 'div' does not exist on type 'JSX.IntrinsicElements'.
src/features/visualization/BinaryExplorer.tsx(26,17): error TS2339: Property 'h4' does not exist on type 'JSX.IntrinsicElements'.
src/features/visualization/BinaryExplorer.tsx(26,122): error TS2339: Property 'h4' does not exist on type 'JSX.IntrinsicElements'.
src/features/visualization/BinaryExplorer.tsx(27,17): error TS2339: Property 'p' does not exist on type 'JSX.IntrinsicElements'.
src/features/visualization/BinaryExplorer.tsx(27,111): error TS2339: Property 'p' does not exist on type 'JSX.IntrinsicElements'.
src/features/visualization/BinaryExplorer.tsx(28,13): error TS2339: Property 'div' does not exist on type 'JSX.IntrinsicElements'.
src/features/visualization/BinaryExplorer.tsx(30,13): error TS2339: Property 'div' does not exist on type 'JSX.IntrinsicElements'.
src/features/visualization/BinaryExplorer.tsx(32,21): error TS2339: Property 'div' does not exist on type 'JSX.IntrinsicElements'.
src/features/visualization/BinaryExplorer.tsx(33,25): error TS2339: Property 'span' does not exist on type 'JSX.IntrinsicElements'.
src/features/visualization/BinaryExplorer.tsx(33,139): error TS2339: Property 'span' does not exist on type 'JSX.IntrinsicElements'.
src/features/visualization/BinaryExplorer.tsx(55,21): error TS2339: Property 'div' does not exist on type 'JSX.IntrinsicElements'.
src/features/visualization/BinaryExplorer.tsx(57,13): error TS2339: Property 'div' does not exist on type 'JSX.IntrinsicElements'.
src/features/visualization/BinaryExplorer.tsx(59,13): error TS2339: Property 'div' does not exist on type 'JSX.IntrinsicElements'.
src/features/visualization/BinaryExplorer.tsx(60,17): error TS2339: Property 'div' does not exist on type 'JSX.IntrinsicElements'.
src/features/visualization/BinaryExplorer.tsx(60,111): error TS2339: Property 'div' does not exist on type 'JSX.IntrinsicElements'.
src/features/visualization/BinaryExplorer.tsx(61,17): error TS2339: Property 'div' does not exist on type 'JSX.IntrinsicElements'.
src/features/visualization/BinaryExplorer.tsx(70,17): error TS2339: Property 'div' does not exist on type 'JSX.IntrinsicElements'.
src/features/visualization/BinaryExplorer.tsx(71,13): error TS2339: Property 'div' does not exist on type 'JSX.IntrinsicElements'.
src/features/visualization/BinaryExplorer.tsx(73,13): error TS2339: Property 'div' does not exist on type 'JSX.IntrinsicElements'.
src/features/visualization/BinaryExplorer.tsx(74,17): error TS2339: Property 'div' does not exist on type 'JSX.IntrinsicElements'.
src/features/visualization/BinaryExplorer.tsx(75,21): error TS2339: Property 'span' does not exist on type 'JSX.IntrinsicElements'.
src/features/visualization/BinaryExplorer.tsx(75,40): error TS2339: Property 'span' does not exist on type 'JSX.IntrinsicElements'.
src/features/visualization/BinaryExplorer.tsx(77,25): error TS2339: Property 'span' does not exist on type 'JSX.IntrinsicElements'.
src/features/visualization/BinaryExplorer.tsx(80,25): error TS2339: Property 'span' does not exist on type 'JSX.IntrinsicElements'.
src/features/visualization/BinaryExplorer.tsx(82,21): error TS2339: Property 'span' does not exist on type 'JSX.IntrinsicElements'.
src/features/visualization/BinaryExplorer.tsx(82,44): error TS2339: Property 'span' does not exist on type 'JSX.IntrinsicElements'.
src/features/visualization/BinaryExplorer.tsx(83,17): error TS2339: Property 'div' does not exist on type 'JSX.IntrinsicElements'.
src/features/visualization/BinaryExplorer.tsx(84,13): error TS2339: Property 'div' does not exist on type 'JSX.IntrinsicElements'.
src/features/visualization/BinaryExplorer.tsx(85,9): error TS2339: Property 'div' does not exist on type 'JSX.IntrinsicElements'.
src/features/visualization/LogicScenarioTester.tsx(2,24): error TS2792: Cannot find module 'framer-motion'. Did you mean to set the 'moduleResolution' option to 'nodenext', or to add aliases to the 'paths' option?
src/features/visualization/LogicScenarioTester.tsx(15,14): error TS2322: Type '({ doorCount, signs }: LogicScenarioTesterProps) => Element' is not assignable to type 'FC<LogicScenarioTesterProps>'.
  Type 'Element' is not assignable to type 'ReactNode'.
src/features/visualization/LogicScenarioTester.tsx(35,9): error TS2339: Property 'div' does not exist on type 'JSX.IntrinsicElements'.
src/features/visualization/LogicScenarioTester.tsx(36,13): error TS2339: Property 'div' does not exist on type 'JSX.IntrinsicElements'.
src/features/visualization/LogicScenarioTester.tsx(37,17): error TS2339: Property 'h4' does not exist on type 'JSX.IntrinsicElements'.
src/features/visualization/LogicScenarioTester.tsx(37,112): error TS2339: Property 'h4' does not exist on type 'JSX.IntrinsicElements'.
src/features/visualization/LogicScenarioTester.tsx(38,17): error TS2339: Property 'p' does not exist on type 'JSX.IntrinsicElements'.
src/features/visualization/LogicScenarioTester.tsx(38,111): error TS2339: Property 'p' does not exist on type 'JSX.IntrinsicElements'.
src/features/visualization/LogicScenarioTester.tsx(39,13): error TS2339: Property 'div' does not exist on type 'JSX.IntrinsicElements'.
src/features/visualization/LogicScenarioTester.tsx(41,13): error TS2339: Property 'div' does not exist on type 'JSX.IntrinsicElements'.
src/features/visualization/LogicScenarioTester.tsx(43,21): error TS2339: Property 'button' does not exist on type 'JSX.IntrinsicElements'.
src/features/visualization/LogicScenarioTester.tsx(51,25): error TS2339: Property 'span' does not exist on type 'JSX.IntrinsicElements'.
src/features/visualization/LogicScenarioTester.tsx(51,54): error TS2339: Property 'span' does not exist on type 'JSX.IntrinsicElements'.
src/features/visualization/LogicScenarioTester.tsx(52,25): error TS2339: Property 'span' does not exist on type 'JSX.IntrinsicElements'.
src/features/visualization/LogicScenarioTester.tsx(52,84): error TS2339: Property 'span' does not exist on type 'JSX.IntrinsicElements'.
src/features/visualization/LogicScenarioTester.tsx(53,21): error TS2339: Property 'button' does not exist on type 'JSX.IntrinsicElements'.
src/features/visualization/LogicScenarioTester.tsx(55,13): error TS2339: Property 'div' does not exist on type 'JSX.IntrinsicElements'.
src/features/visualization/LogicScenarioTester.tsx(57,13): error TS2339: Property 'div' does not exist on type 'JSX.IntrinsicElements'.
src/features/visualization/LogicScenarioTester.tsx(59,21): error TS2339: Property 'div' does not exist on type 'JSX.IntrinsicElements'.
src/features/visualization/LogicScenarioTester.tsx(68,25): error TS2339: Property 'div' does not exist on type 'JSX.IntrinsicElements'.
src/features/visualization/LogicScenarioTester.tsx(69,29): error TS2339: Property 'span' does not exist on type 'JSX.IntrinsicElements'.
src/features/visualization/LogicScenarioTester.tsx(69,116): error TS2339: Property 'span' does not exist on type 'JSX.IntrinsicElements'.
src/features/visualization/LogicScenarioTester.tsx(70,29): error TS2339: Property 'span' does not exist on type 'JSX.IntrinsicElements'.
src/features/visualization/LogicScenarioTester.tsx(70,92): error TS2339: Property 'span' does not exist on type 'JSX.IntrinsicElements'.
src/features/visualization/LogicScenarioTester.tsx(71,25): error TS2339: Property 'div' does not exist on type 'JSX.IntrinsicElements'.
src/features/visualization/LogicScenarioTester.tsx(73,29): error TS2339: Property 'span' does not exist on type 'JSX.IntrinsicElements'.
src/features/visualization/LogicScenarioTester.tsx(75,29): error TS2339: Property 'span' does not exist on type 'JSX.IntrinsicElements'.
src/features/visualization/LogicScenarioTester.tsx(77,21): error TS2339: Property 'div' does not exist on type 'JSX.IntrinsicElements'.
src/features/visualization/LogicScenarioTester.tsx(79,13): error TS2339: Property 'div' does not exist on type 'JSX.IntrinsicElements'.
src/features/visualization/LogicScenarioTester.tsx(87,21): error TS2339: Property 'p' does not exist on type 'JSX.IntrinsicElements'.
src/features/visualization/LogicScenarioTester.tsx(88,43): error TS2339: Property 'span' does not exist on type 'JSX.IntrinsicElements'.
src/features/visualization/LogicScenarioTester.tsx(88,99): error TS2339: Property 'span' does not exist on type 'JSX.IntrinsicElements'.
src/features/visualization/LogicScenarioTester.tsx(89,21): error TS2339: Property 'p' does not exist on type 'JSX.IntrinsicElements'.
src/features/visualization/LogicScenarioTester.tsx(90,21): error TS2339: Property 'p' does not exist on type 'JSX.IntrinsicElements'.
src/features/visualization/LogicScenarioTester.tsx(94,21): error TS2339: Property 'p' does not exist on type 'JSX.IntrinsicElements'.
src/features/visualization/LogicScenarioTester.tsx(97,9): error TS2339: Property 'div' does not exist on type 'JSX.IntrinsicElements'.
src/mockData.ts(2,3): error TS2305: Module '"../../shared/types"' has no exported member 'Problem'.
src/services/api.service.ts(31,19): error TS1323: Dynamic imports are only supported when the '--module' flag is set to 'es2020', 'es2022', 'esnext', 'commonjs', 'amd', 'system', 'umd', 'node16', 'node18', 'node20', or 'nodenext'.
src/services/api.service.ts(35,28): error TS1323: Dynamic imports are only supported when the '--module' flag is set to 'es2020', 'es2022', 'esnext', 'commonjs', 'amd', 'system', 'umd', 'node16', 'node18', 'node20', or 'nodenext'.
src/services/api.service.ts(55,19): error TS1323: Dynamic imports are only supported when the '--module' flag is set to 'es2020', 'es2022', 'esnext', 'commonjs', 'amd', 'system', 'umd', 'node16', 'node18', 'node20', or 'nodenext'.
